// Jest Snapshot v1, https://goo.gl/fbAQLP

exports[`should render edit page correctly 1`] = `
<div>
  <ExpenseForm
    expense={
      Object {
        "amount": 193,
        "createdAt": 0,
        "description": "Car",
        "id": 1,
        "note": "Test note 1",
      }
    }
    onSubmit={[Function]}
  />
  <button
    onClick={[Function]}
  >
    Remove
  </button>
</div>
`;
